First Come First Serve : J1 0.000 3.000 J2 3.000 7.000 J3 7.000 8.000 J4 8.000 13.000 J5 13.000 17.000 J6 17.000 18.000 J7 18.000 21.000 J8 21.000 24.000 J9 24.000 27.000 J10 27.000 28.000 J11 28.000 32.000 J12 32.000 37.000 J13 37.000 38.000 J14 38.000 43.000 J15 43.000 45.000 J16 45.000 48.000 J17 48.000 51.000 J18 51.000 52.000 J19 52.000 57.000 J20 57.000 62.000 J21 62.000 65.000 J22 65.000 69.000 J23 69.000 70.000 J24 70.000 74.000 J25 74.000 79.000 
20.386 17.226 for FCFS
Round Robin : J1 0.000 3.000 J2 3.000 7.000 J3 7.000 8.000 J4 8.000 13.000 J5 13.000 17.000 J6 17.000 18.000 J7 18.000 21.000 J8 21.000 24.000 J9 24.000 27.000 J10 27.000 28.000 J11 28.000 32.000 J12 32.000 37.000 J13 37.000 38.000 J14 38.000 43.000 J15 43.000 45.000 J16 45.000 48.000 J17 48.000 51.000 J18 51.000 52.000 J19 52.000 57.000 J20 57.000 62.000 J21 62.000 65.000 J22 65.000 69.000 J23 69.000 70.000 J24 70.000 74.000 J25 74.000 79.000 
20.386 17.226 for Round Robin
Shortest Job First : J1 0.000 3.000 J3 3.000 4.000 J2 4.000 8.000 J5 8.000 12.000 J6 12.000 13.000 J10 13.000 14.000 J8 14.000 17.000 J9 17.000 20.000 J13 20.000 21.000 J7 21.000 24.000 J15 24.000 26.000 J16 26.000 29.000 J18 29.000 30.000 J17 30.000 33.000 J21 33.000 36.000 J11 36.000 40.000 J22 40.000 44.000 J23 44.000 45.000 J24 45.000 49.000 J25 49.000 54.000 J20 54.000 59.000 J14 59.000 64.000 J4 64.000 69.000 J19 69.000 74.000 J12 74.000 79.000 
15.546 12.386 for Shortest Job First
Shortest Job to Completion First : J1 0.000 1.372 J3 1.372 2.372 J1 2.372 4.000 J5 4.000 8.000 J2 8.000 8.848 J6 8.848 9.848 J2 9.848 11.630 J10 11.630 12.630 J2 12.630 14.000 J8 14.000 17.000 J7 17.000 18.713 J13 18.713 19.713 J7 19.713 21.000 J9 21.000 24.000 J15 24.000 26.000 J16 26.000 26.899 J18 26.899 27.899 J16 27.899 30.000 J17 30.000 33.000 J21 33.000 36.000 J11 36.000 40.000 J22 40.000 40.923 J23 40.923 41.923 J22 41.923 45.000 J24 45.000 49.000 J12 49.000 54.000 J19 54.000 59.000 J14 59.000 64.000 J4 64.000 69.000 J25 69.000 74.000 J20 74.000 79.000 
15.281 11.881 for Shortest remaining time first
Multi-level feedback queue : J1 0.000 3.000 J2 3.000 7.000 J3 7.000 8.000 J4 8.000 13.000 J5 13.000 17.000 J6 17.000 18.000 J7 18.000 21.000 J8 21.000 24.000 J9 24.000 27.000 J10 27.000 28.000 J11 28.000 32.000 J12 32.000 37.000 J13 37.000 38.000 J14 38.000 43.000 J15 43.000 45.000 J16 45.000 48.000 J17 48.000 51.000 J18 51.000 52.000 J19 52.000 57.000 J20 57.000 62.000 J21 62.000 65.000 J22 65.000 69.000 J23 69.000 70.000 J24 70.000 74.000 J25 74.000 79.000 
20.386 17.226 for Multi-level feedback queue
