First Come First Serve : J1 0.000 2.000 J2 2.000 5.000 J3 5.000 7.000 J4 7.000 8.000 J5 8.000 11.000 J6 11.000 12.000 J7 12.000 13.000 J8 13.000 14.000 J9 14.000 16.000 J10 16.000 18.000 J11 18.000 19.000 J12 19.000 20.000 J13 20.000 22.000 J14 22.000 23.000 J15 23.000 26.000 J16 26.000 28.000 J17 28.000 31.000 J18 31.000 34.000 J19 34.000 36.000 J20 36.000 37.000 J21 37.000 39.000 J22 39.000 41.000 J23 41.000 44.000 J24 44.000 47.000 J25 47.000 48.000 
9.006 7.086 for FCFS
Round Robin : J1 0.000 2.000 J2 2.000 5.000 J3 5.000 7.000 J4 7.000 8.000 J5 8.000 11.000 J6 11.000 12.000 J7 12.000 13.000 J8 13.000 14.000 J9 14.000 16.000 J10 16.000 18.000 J11 18.000 19.000 J12 19.000 20.000 J13 20.000 22.000 J14 22.000 23.000 J15 23.000 26.000 J16 26.000 28.000 J17 28.000 31.000 J18 31.000 34.000 J19 34.000 36.000 J20 36.000 37.000 J21 37.000 39.000 J22 39.000 41.000 J23 41.000 44.000 J24 44.000 47.000 J25 47.000 48.000 
9.006 7.086 for Round Robin
Shortest Job First : J1 0.000 2.000 J4 2.000 3.000 J3 3.000 5.000 J2 5.000 8.000 J6 8.000 9.000 J7 9.000 10.000 J8 10.000 11.000 J11 11.000 12.000 J12 12.000 13.000 J10 13.000 15.000 J9 15.000 17.000 J14 17.000 18.000 J13 18.000 20.000 J16 20.000 22.000 J19 22.000 24.000 J20 24.000 25.000 J21 25.000 27.000 J5 27.000 30.000 J18 30.000 33.000 J22 33.000 35.000 J24 35.000 38.000 J25 38.000 39.000 J15 39.000 42.000 J17 42.000 45.000 J23 45.000 48.000 
7.006 5.086 for Shortest Job First
Shortest Job to Completion First : J1 0.000 2.000 J4 2.000 3.000 J3 3.000 5.000 J5 5.000 6.952 J6 6.952 7.952 J5 7.952 7.999 J7 7.999 8.999 J8 8.999 9.999 J11 9.999 10.999 J12 10.999 11.999 J5 11.999 13.000 J9 13.000 15.000 J13 15.000 15.772 J14 15.772 16.772 J13 16.772 18.000 J10 18.000 20.000 J16 20.000 22.000 J19 22.000 24.000 J20 24.000 25.000 J21 25.000 27.000 J17 27.000 30.000 J2 30.000 30.154 J22 30.154 32.154 J2 32.154 35.000 J24 35.000 35.347 J25 35.347 36.347 J24 36.347 39.000 J23 39.000 42.000 J15 42.000 45.000 J18 45.000 48.000 
6.895 4.615 for Shortest remaining time first
Multi-level feedback queue : J1 0.000 2.000 J2 2.000 5.000 J3 5.000 7.000 J4 7.000 8.000 J5 8.000 11.000 J6 11.000 12.000 J7 12.000 13.000 J8 13.000 14.000 J9 14.000 16.000 J10 16.000 18.000 J11 18.000 19.000 J12 19.000 20.000 J13 20.000 22.000 J14 22.000 23.000 J15 23.000 26.000 J16 26.000 28.000 J17 28.000 31.000 J18 31.000 34.000 J19 34.000 36.000 J20 36.000 37.000 J21 37.000 39.000 J22 39.000 41.000 J23 41.000 44.000 J24 44.000 47.000 J25 47.000 48.000 
9.006 7.086 for Multi-level feedback queue
