First Come First Serve : J1 0.000 8.000 J2 8.000 32.000 J3 32.000 38.000 J4 38.000 58.000 J5 58.000 82.000 J6 82.000 98.000 J7 98.000 116.000 J8 116.000 129.000 J9 129.000 132.000 J10 132.000 148.000 J11 148.000 152.000 J12 152.000 162.000 J13 171.533 182.533 J14 184.008 209.008 J15 209.008 226.008 J16 226.008 249.008 J17 249.008 262.008 J18 262.008 273.008 J19 273.008 278.008 J20 278.008 283.008 J21 284.321 302.321 J22 351.794 370.794 J23 375.125 386.125 J24 386.125 390.125 J25 412.387 432.387 
24.578 10.818 for FCFS
Round Robin : J1 0.000 6.000 J2 6.000 12.000 J1 12.000 14.000 J2 14.000 20.000 J3 20.000 26.000 J4 26.000 32.000 J2 32.000 38.000 J4 38.000 44.000 J5 44.000 50.000 J2 50.000 56.000 J4 56.000 62.000 J5 62.000 68.000 J4 68.000 70.000 J5 70.000 82.000 J6 82.000 94.000 J7 94.000 100.000 J8 100.000 106.000 J6 106.000 110.000 J7 110.000 116.000 J8 116.000 122.000 J9 122.000 125.000 J10 125.000 131.000 J11 131.000 135.000 J7 135.000 141.000 J8 141.000 142.000 J12 142.000 148.000 J10 148.000 154.000 J12 154.000 158.000 J10 158.000 162.000 J13 171.533 182.533 J14 184.008 202.008 J15 202.008 208.008 J14 208.008 214.008 J15 214.008 220.008 J14 220.008 221.008 J15 221.008 226.008 J16 226.008 249.008 J17 249.008 255.008 J18 255.008 261.008 J19 261.008 266.008 J17 266.008 272.008 J18 272.008 277.008 J17 277.008 278.008 J20 278.008 283.008 J21 284.321 302.321 J22 351.794 370.794 J23 375.125 381.125 J24 381.125 385.125 J23 385.125 390.125 J25 412.387 432.387 
27.978 5.538 for Round Robin
Shortest Job First : J1 0.000 8.000 J2 8.000 32.000 J3 32.000 38.000 J4 38.000 58.000 J5 58.000 82.000 J6 82.000 98.000 J8 98.000 111.000 J9 111.000 114.000 J11 114.000 118.000 J10 118.000 134.000 J12 134.000 144.000 J7 144.000 162.000 J13 171.533 182.533 J14 184.008 209.008 J15 209.008 226.008 J16 226.008 249.008 J18 249.008 260.008 J19 260.008 265.008 J17 265.008 278.008 J20 278.008 283.008 J21 284.321 302.321 J22 351.794 370.794 J23 375.125 386.125 J24 386.125 390.125 J25 412.387 432.387 
21.938 8.178 for Shortest Job First
Shortest Job to Completion First : J1 0.000 8.000 J2 8.000 12.579 J3 12.579 18.579 J2 18.579 38.000 J4 38.000 58.000 J5 58.000 82.000 J6 82.000 98.000 J8 98.000 106.479 J9 106.479 109.479 J11 109.479 113.479 J8 113.479 118.000 J10 118.000 134.000 J12 134.000 144.000 J7 144.000 162.000 J13 171.533 182.533 J14 184.008 209.008 J15 209.008 226.008 J16 226.008 249.008 J18 249.008 253.205 J19 253.205 258.205 J18 258.205 265.008 J17 265.008 278.008 J20 278.008 283.008 J21 284.321 302.321 J22 351.794 370.794 J23 375.125 376.382 J24 376.382 380.382 J23 380.382 390.125 J25 412.387 432.387 
21.017 6.377 for Shortest remaining time first
Multi-level feedback queue : J1 0.000 5.000 J2 5.000 10.000 J1 10.000 13.000 J2 13.000 18.000 J3 18.000 23.000 J4 23.000 28.000 J2 28.000 33.000 J3 33.000 34.000 J4 34.000 39.000 J2 39.000 44.000 J5 44.000 49.000 J4 49.000 54.000 J2 54.000 58.000 J5 58.000 63.000 J4 63.000 68.000 J5 68.000 82.000 J6 82.000 95.000 J7 95.000 100.000 J8 100.000 105.000 J6 105.000 108.000 J7 108.000 113.000 J8 113.000 118.000 J9 118.000 121.000 J10 121.000 126.000 J11 126.000 130.000 J7 130.000 135.000 J8 135.000 138.000 J12 138.000 143.000 J10 143.000 148.000 J7 148.000 151.000 J12 151.000 156.000 J10 156.000 162.000 J13 171.533 182.533 J14 184.008 205.008 J15 205.008 210.008 J14 210.008 214.008 J15 214.008 224.008 J16 224.008 229.008 J15 229.008 231.008 J16 231.008 247.008 J17 247.008 252.008 J18 252.008 257.008 J16 257.008 259.008 J17 259.008 264.008 J19 264.008 269.008 J18 269.008 274.008 J17 274.008 277.008 J18 277.008 278.008 J20 278.008 283.008 J21 284.321 302.321 J22 351.794 370.794 J23 375.125 380.125 J24 380.125 384.125 J23 384.125 390.125 J25 412.387 432.387 
28.378 4.578 for Multi-level feedback queue
