First Come First Serve : J1 0.000 12.000 J2 12.000 18.000 J3 18.000 22.000 J4 22.000 30.000 J5 30.000 36.000 J6 36.000 47.000 J7 47.000 59.000 J8 59.000 68.000 J9 68.000 73.000 J10 73.000 85.000 
36.770 28.270 for FCFS
Round Robin : J1 0.000 6.000 J2 6.000 12.000 J3 12.000 16.000 J4 16.000 22.000 J5 22.000 28.000 J1 28.000 34.000 J6 34.000 40.000 J7 40.000 46.000 J8 46.000 52.000 J9 52.000 57.000 J10 57.000 63.000 J4 63.000 65.000 J6 65.000 70.000 J7 70.000 76.000 J8 76.000 79.000 J10 79.000 85.000 
43.970 20.270 for Round Robin
Shortest Job First : J1 0.000 12.000 J3 12.000 16.000 J9 16.000 21.000 J2 21.000 27.000 J5 27.000 33.000 J4 33.000 41.000 J8 41.000 50.000 J6 50.000 61.000 J7 61.000 73.000 J10 73.000 85.000 
33.670 25.170 for Shortest Job First
Shortest Job to Completion First : J1 0.000 0.353 J2 0.353 1.887 J3 1.887 5.887 J2 5.887 10.353 J5 10.353 16.353 J9 16.353 21.353 J4 21.353 29.353 J8 29.353 38.353 J6 38.353 49.353 J1 49.353 61.000 J10 61.000 73.000 J7 73.000 85.000 
30.770 16.970 for Shortest remaining time first
Multi-level feedback queue : J1 0.000 5.000 J2 5.000 10.000 J3 10.000 14.000 J4 14.000 19.000 J5 19.000 24.000 J1 24.000 29.000 J2 29.000 30.000 J6 30.000 35.000 J7 35.000 40.000 J8 40.000 45.000 J9 45.000 50.000 J10 50.000 55.000 J4 55.000 58.000 J5 58.000 59.000 J1 59.000 61.000 J6 61.000 66.000 J7 66.000 71.000 J8 71.000 75.000 J10 75.000 80.000 J6 80.000 81.000 J7 81.000 83.000 J10 83.000 85.000 
51.370 16.570 for Multi-level feedback queue
