First Come First Serve : J1 0.000 8.000 J2 8.000 18.000 J3 18.000 25.000 J4 25.000 28.000 J5 28.000 30.000 J6 60.830 67.830 J7 69.989 70.989 J8 70.989 78.989 J9 79.859 89.859 J10 89.859 94.859 
10.002 3.902 for FCFS
Round Robin : J1 0.000 6.000 J2 6.000 12.000 J1 12.000 14.000 J3 14.000 20.000 J2 20.000 24.000 J4 24.000 27.000 J3 27.000 28.000 J5 28.000 30.000 J6 60.830 67.830 J7 69.989 70.989 J8 70.989 78.989 J9 79.859 85.859 J10 85.859 90.859 J9 90.859 94.859 
11.502 2.802 for Round Robin
Shortest Job First : J1 0.000 8.000 J2 8.000 18.000 J4 18.000 21.000 J3 21.000 28.000 J5 28.000 30.000 J6 60.830 67.830 J7 69.989 70.989 J8 70.989 78.989 J9 79.859 89.859 J10 89.859 94.859 
9.602 3.502 for Shortest Job First
Shortest Job to Completion First : J1 0.000 8.000 J2 8.000 9.434 J3 9.434 12.523 J4 12.523 15.523 J3 15.523 19.434 J2 19.434 28.000 J5 28.000 30.000 J6 60.830 67.830 J7 69.989 70.989 J8 70.989 78.989 J9 79.859 79.956 J10 79.956 84.956 J9 84.956 94.859 
8.708 0.808 for Shortest remaining time first
Multi-level feedback queue : J1 0.000 5.000 J2 5.000 10.000 J1 10.000 13.000 J3 13.000 18.000 J2 18.000 23.000 J4 23.000 26.000 J3 26.000 28.000 J5 28.000 30.000 J6 60.830 67.830 J7 69.989 70.989 J8 70.989 78.989 J9 79.859 84.859 J10 84.859 89.859 J9 89.859 94.859 
11.102 2.402 for Multi-level feedback queue
