First Come First Serve : J1 0.000 8.000 J2 8.000 32.000 J3 32.000 38.000 J4 38.000 58.000 J5 58.000 82.000 J6 97.328 113.328 J7 113.328 131.328 J8 131.328 144.328 J9 144.328 147.328 J10 147.328 163.328 
25.923 11.123 for FCFS
Round Robin : J1 0.000 6.000 J2 6.000 12.000 J1 12.000 14.000 J2 14.000 20.000 J3 20.000 26.000 J2 26.000 32.000 J4 32.000 38.000 J2 38.000 44.000 J4 44.000 50.000 J5 50.000 56.000 J4 56.000 62.000 J5 62.000 68.000 J4 68.000 70.000 J5 70.000 82.000 J6 97.328 113.328 J7 113.328 119.328 J8 119.328 125.328 J7 125.328 131.328 J8 131.328 137.328 J9 137.328 140.328 J10 140.328 146.328 J7 146.328 152.328 J8 152.328 153.328 J10 153.328 163.328 
30.023 5.723 for Round Robin
Shortest Job First : J1 0.000 8.000 J2 8.000 32.000 J3 32.000 38.000 J4 38.000 58.000 J5 58.000 82.000 J6 97.328 113.328 J8 113.328 126.328 J7 126.328 144.328 J9 144.328 147.328 J10 147.328 163.328 
25.423 10.623 for Shortest Job First
Shortest Job to Completion First : J1 0.000 8.000 J2 8.000 15.094 J3 15.094 21.094 J2 21.094 38.000 J4 38.000 58.000 J5 58.000 82.000 J6 97.328 113.328 J8 113.328 126.328 J7 126.328 127.774 J9 127.774 130.774 J10 130.774 146.774 J7 146.774 163.328 
22.922 5.622 for Shortest remaining time first
Multi-level feedback queue : J1 0.000 5.000 J2 5.000 10.000 J1 10.000 13.000 J2 13.000 18.000 J3 18.000 23.000 J2 23.000 28.000 J4 28.000 33.000 J3 33.000 34.000 J2 34.000 39.000 J4 39.000 44.000 J2 44.000 48.000 J5 48.000 53.000 J4 53.000 58.000 J5 58.000 63.000 J4 63.000 68.000 J5 68.000 82.000 J6 97.328 113.328 J7 113.328 118.328 J8 118.328 123.328 J7 123.328 128.328 J8 128.328 133.328 J9 133.328 136.328 J10 136.328 141.328 J7 141.328 146.328 J8 146.328 149.328 J10 149.328 154.328 J7 154.328 157.328 J10 157.328 163.328 
30.623 3.923 for Multi-level feedback queue
