First Come First Serve : J1 0.000 8.000 J2 8.000 18.000 J3 18.000 21.000 J4 21.000 30.000 J5 30.000 34.000 J6 37.434 46.434 J7 46.434 59.434 J8 59.434 63.434 J9 63.434 71.434 J10 71.434 80.434 
17.894 10.194 for FCFS
Round Robin : J1 0.000 6.000 J2 6.000 12.000 J3 12.000 15.000 J1 15.000 17.000 J4 17.000 23.000 J2 23.000 27.000 J5 27.000 31.000 J4 31.000 34.000 J6 37.434 43.434 J7 43.434 49.434 J8 49.434 53.434 J6 53.434 56.434 J9 56.434 62.434 J10 62.434 68.434 J7 68.434 74.434 J9 74.434 76.434 J10 76.434 79.434 J7 79.434 80.434 
21.694 5.794 for Round Robin
Shortest Job First : J1 0.000 8.000 J3 8.000 11.000 J4 11.000 20.000 J5 20.000 24.000 J2 24.000 34.000 J6 37.434 46.434 J8 46.434 50.434 J9 50.434 58.434 J10 58.434 67.434 J7 67.434 80.434 
14.694 6.994 for Shortest Job First
Shortest Job to Completion First : J1 0.000 8.000 J3 8.000 11.000 J4 11.000 20.000 J5 20.000 24.000 J2 24.000 34.000 J6 37.434 46.434 J8 46.434 50.434 J9 50.434 58.434 J10 58.434 67.434 J7 67.434 80.434 
14.694 6.994 for Shortest remaining time first
Multi-level feedback queue : J1 0.000 5.000 J2 5.000 10.000 J3 10.000 13.000 J4 13.000 18.000 J1 18.000 21.000 J2 21.000 26.000 J5 26.000 30.000 J4 30.000 34.000 J6 37.434 46.434 J7 46.434 51.434 J8 51.434 55.434 J9 55.434 60.434 J10 60.434 65.434 J7 65.434 70.434 J9 70.434 73.434 J10 73.434 77.434 J7 77.434 80.434 
20.394 5.194 for Multi-level feedback queue
