First Come First Serve : J1 0.000 8.000 J2 8.000 18.000 J3 18.000 21.000 J4 21.000 30.000 J5 30.000 34.000 J6 34.000 43.000 J7 43.000 56.000 J8 56.000 60.000 J9 60.000 68.000 J10 68.000 77.000 
36.013 28.313 for FCFS
Round Robin : J1 0.000 6.000 J2 6.000 12.000 J3 12.000 15.000 J4 15.000 21.000 J5 21.000 25.000 J1 25.000 27.000 J6 27.000 33.000 J7 33.000 39.000 J8 39.000 43.000 J9 43.000 49.000 J10 49.000 55.000 J2 55.000 59.000 J4 59.000 62.000 J6 62.000 65.000 J7 65.000 71.000 J9 71.000 73.000 J10 73.000 76.000 J7 76.000 77.000 
46.713 19.013 for Round Robin
Shortest Job First : J1 0.000 8.000 J3 8.000 11.000 J5 11.000 15.000 J8 15.000 19.000 J9 19.000 27.000 J6 27.000 36.000 J10 36.000 45.000 J4 45.000 54.000 J2 54.000 64.000 J7 64.000 77.000 
30.113 22.413 for Shortest Job First
Shortest Job to Completion First : J1 0.000 1.258 J3 1.258 4.258 J5 4.258 8.258 J1 8.258 9.391 J8 9.391 13.391 J1 13.391 19.000 J9 19.000 27.000 J4 27.000 36.000 J6 36.000 45.000 J10 45.000 54.000 J2 54.000 64.000 J7 64.000 77.000 
29.304 20.504 for Shortest remaining time first
Multi-level feedback queue : J1 0.000 5.000 J2 5.000 10.000 J3 10.000 13.000 J4 13.000 18.000 J5 18.000 22.000 J1 22.000 25.000 J6 25.000 30.000 J7 30.000 35.000 J8 35.000 39.000 J2 39.000 44.000 J9 44.000 49.000 J10 49.000 54.000 J4 54.000 58.000 J6 58.000 62.000 J7 62.000 67.000 J9 67.000 70.000 J10 70.000 74.000 J7 74.000 77.000 
42.913 17.413 for Multi-level feedback queue
