First Come First Serve : J1 0.000 8.000 J2 8.000 32.000 J3 32.000 38.000 J4 38.000 58.000 J5 58.000 82.000 
39.565 23.165 for FCFS
Round Robin : J1 0.000 6.000 J2 6.000 12.000 J3 12.000 18.000 J4 18.000 24.000 J1 24.000 26.000 J5 26.000 32.000 J2 32.000 38.000 J4 38.000 44.000 J5 44.000 50.000 J2 50.000 56.000 J4 56.000 62.000 J5 62.000 68.000 J2 68.000 74.000 J4 74.000 76.000 J5 76.000 82.000 
51.165 8.365 for Round Robin
Shortest Job First : J1 0.000 8.000 J3 8.000 14.000 J4 14.000 34.000 J5 34.000 58.000 J2 58.000 82.000 
35.165 18.765 for Shortest Job First
Shortest Job to Completion First : J1 0.000 8.000 J3 8.000 14.000 J4 14.000 34.000 J5 34.000 58.000 J2 58.000 82.000 
35.165 18.765 for Shortest remaining time first
Multi-level feedback queue : J1 0.000 5.000 J2 5.000 10.000 J3 10.000 15.000 J4 15.000 20.000 J1 20.000 23.000 J2 23.000 28.000 J5 28.000 33.000 J3 33.000 34.000 J4 34.000 39.000 J2 39.000 44.000 J5 44.000 49.000 J4 49.000 54.000 J2 54.000 59.000 J5 59.000 64.000 J4 64.000 69.000 J2 69.000 73.000 J5 73.000 82.000 
52.165 7.565 for Multi-level feedback queue
