First Come First Serve : J1 0.000 8.000 J2 8.000 32.000 J3 32.000 38.000 J4 38.000 58.000 J5 58.000 82.000 
42.255 25.855 for FCFS
Round Robin : J1 0.000 6.000 J2 6.000 12.000 J3 12.000 18.000 J4 18.000 24.000 J5 24.000 30.000 J1 30.000 32.000 J2 32.000 38.000 J4 38.000 44.000 J5 44.000 50.000 J2 50.000 56.000 J4 56.000 62.000 J5 62.000 68.000 J2 68.000 74.000 J4 74.000 76.000 J5 76.000 82.000 
55.055 10.655 for Round Robin
Shortest Job First : J1 0.000 8.000 J3 8.000 14.000 J4 14.000 34.000 J5 34.000 58.000 J2 58.000 82.000 
37.855 21.455 for Shortest Job First
Shortest Job to Completion First : J1 0.000 1.258 J3 1.258 7.258 J1 7.258 14.000 J4 14.000 34.000 J2 34.000 58.000 J5 58.000 82.000 
37.706 20.106 for Shortest remaining time first
Multi-level feedback queue : J1 0.000 5.000 J2 5.000 10.000 J3 10.000 15.000 J4 15.000 20.000 J5 20.000 25.000 J1 25.000 28.000 J2 28.000 33.000 J3 33.000 34.000 J4 34.000 39.000 J5 39.000 44.000 J2 44.000 49.000 J4 49.000 54.000 J5 54.000 59.000 J2 59.000 64.000 J4 64.000 69.000 J5 69.000 74.000 J2 74.000 78.000 J5 78.000 82.000 
56.855 8.655 for Multi-level feedback queue
