First Come First Serve : J1 0.000 8.000 J2 8.000 17.000 J3 17.000 28.000 J4 28.000 38.000 J5 38.000 47.000 
24.910 15.510 for FCFS
Round Robin : J1 0.000 6.000 J2 6.000 12.000 J3 12.000 18.000 J4 18.000 24.000 J1 24.000 26.000 J5 26.000 32.000 J2 32.000 35.000 J3 35.000 40.000 J4 40.000 44.000 J5 44.000 47.000 
35.710 9.710 for Round Robin
Shortest Job First : J1 0.000 8.000 J2 8.000 17.000 J5 17.000 26.000 J4 26.000 36.000 J3 36.000 47.000 
24.110 14.710 for Shortest Job First
Shortest Job to Completion First : J1 0.000 8.000 J5 8.000 17.000 J2 17.000 26.000 J4 26.000 36.000 J3 36.000 47.000 
24.110 14.710 for Shortest remaining time first
Multi-level feedback queue : J1 0.000 5.000 J2 5.000 10.000 J3 10.000 15.000 J4 15.000 20.000 J5 20.000 25.000 J1 25.000 28.000 J2 28.000 32.000 J3 32.000 37.000 J4 37.000 42.000 J5 42.000 46.000 J3 46.000 47.000 
36.310 7.310 for Multi-level feedback queue
