First Come First Serve : J1 0.000 8.000 J2 8.000 18.000 J3 18.000 21.000 J4 21.000 30.000 J5 30.000 34.000 J6 34.000 43.000 J7 43.000 56.000 J8 56.000 60.000 J9 60.000 68.000 J10 68.000 77.000 
28.332 20.632 for FCFS
Round Robin : J1 0.000 6.000 J2 6.000 12.000 J3 12.000 15.000 J4 15.000 21.000 J1 21.000 23.000 J5 23.000 27.000 J2 27.000 31.000 J6 31.000 37.000 J4 37.000 40.000 J7 40.000 46.000 J8 46.000 50.000 J9 50.000 56.000 J10 56.000 62.000 J6 62.000 65.000 J7 65.000 71.000 J9 71.000 73.000 J10 73.000 76.000 J7 76.000 77.000 
34.532 14.732 for Round Robin
Shortest Job First : J1 0.000 8.000 J3 8.000 11.000 J5 11.000 15.000 J4 15.000 24.000 J8 24.000 28.000 J9 28.000 36.000 J10 36.000 45.000 J6 45.000 54.000 J2 54.000 64.000 J7 64.000 77.000 
23.032 15.332 for Shortest Job First
Shortest Job to Completion First : J1 0.000 3.019 J3 3.019 6.019 J1 6.019 11.000 J5 11.000 15.000 J4 15.000 24.000 J8 24.000 28.000 J9 28.000 36.000 J6 36.000 45.000 J10 45.000 54.000 J2 54.000 64.000 J7 64.000 77.000 
22.834 14.834 for Shortest remaining time first
Multi-level feedback queue : J1 0.000 5.000 J2 5.000 10.000 J3 10.000 13.000 J4 13.000 18.000 J1 18.000 21.000 J5 21.000 25.000 J2 25.000 30.000 J4 30.000 34.000 J6 34.000 39.000 J7 39.000 44.000 J8 44.000 48.000 J9 48.000 53.000 J10 53.000 58.000 J6 58.000 62.000 J7 62.000 67.000 J9 67.000 70.000 J10 70.000 74.000 J7 74.000 77.000 
32.232 13.532 for Multi-level feedback queue
