First Come First Serve : J1 0.000 8.000 J2 8.000 32.000 J3 32.000 38.000 J4 38.000 58.000 J5 58.000 82.000 
27.459 11.059 for FCFS
Round Robin : J1 0.000 6.000 J2 6.000 12.000 J1 12.000 14.000 J2 14.000 20.000 J3 20.000 26.000 J2 26.000 32.000 J4 32.000 38.000 J2 38.000 44.000 J4 44.000 50.000 J5 50.000 56.000 J4 56.000 62.000 J5 62.000 68.000 J4 68.000 70.000 J5 70.000 82.000 
31.059 5.459 for Round Robin
Shortest Job First : J1 0.000 8.000 J2 8.000 32.000 J3 32.000 38.000 J4 38.000 58.000 J5 58.000 82.000 
27.459 11.059 for Shortest Job First
Shortest Job to Completion First : J1 0.000 8.000 J2 8.000 15.094 J3 15.094 21.094 J2 21.094 38.000 J4 38.000 58.000 J5 58.000 82.000 
25.278 7.678 for Shortest remaining time first
Multi-level feedback queue : J1 0.000 5.000 J2 5.000 10.000 J1 10.000 13.000 J2 13.000 18.000 J3 18.000 23.000 J2 23.000 28.000 J4 28.000 33.000 J3 33.000 34.000 J2 34.000 39.000 J4 39.000 44.000 J2 44.000 48.000 J5 48.000 53.000 J4 53.000 58.000 J5 58.000 63.000 J4 63.000 68.000 J5 68.000 82.000 
32.859 3.659 for Multi-level feedback queue
